LX51 LINKER/LOCATER V4.41                                                               10/25/2011  14:22:57  PAGE 1


LX51 LINKER/LOCATER V4.41, INVOKED BY:
C:\KEILC51\C51\BIN\LX51.EXE STARTUP.obj, Main.obj TO nRF24LE1 CLASSES (XDATA (X:0X0-X:0X3FF, X:0XFA00-X:0XFFFF), HDATA (
>> X:0X0-X:0X3FF, X:0XFA00-X:0XFFFF), CODE (C:0X0-C:0X3FFF), CONST (C:0X0-C:0X3FFF), ECODE (C:0X0-C:0X3FFF), HCONST (C:0
>> X0-C:0X3FFF))


CPU MODE:     8051 MODE
MEMORY MODEL: COMPACT


INPUT MODULES INCLUDED:
  STARTUP.obj (?C_STARTUP)
         COMMENT TYPE 0: AX51 V3.06h
  Main.obj (MAIN)
         COMMENT TYPE 0: C51 V9.00
  C:\KEILC51\C51\LIB\C51C.LIB (?C_INIT)
         COMMENT TYPE 1: A51 / ASM51 Assembler
  C:\KEILC51\C51\LIB\C51C.LIB (?C?CLDPTR)
         COMMENT TYPE 1: A51 / ASM51 Assembler


ACTIVE MEMORY CLASSES OF MODULE:  nRF24LE1 (?C_STARTUP)

BASE        START       END         USED      MEMORY CLASS
==========================================================
X:000000H   X:000000H   X:0003FFH             XDATA
            X:00FA00H   X:00FFFFH               
X:000000H   X:000000H   X:0003FFH             HDATA
            X:00FA00H   X:00FFFFH               
C:000000H   C:000000H   C:003FFFH   0002DCH   CODE
C:000000H   C:000000H   C:003FFFH             CONST
C:000000H   C:000000H   C:003FFFH             ECODE
B00:0000H   C:000000H   C:003FFFH             HCONST
I:000000H   I:000000H   I:0000FFH   000001H   IDATA
X:000000H   X:000000H   X:0000FFH   00000DH   PDATA
I:000000H   I:000000H   I:00007FH   00001DH   DATA


MEMORY MAP OF MODULE:  nRF24LE1 (?C_STARTUP)


START     STOP      LENGTH    ALIGN  RELOC    MEMORY CLASS   SEGMENT NAME
=========================================================================

* * * * * * * * * * *   D A T A   M E M O R Y   * * * * * * * * * * * * *
000000H   000007H   000008H   ---    AT..     DATA           "REG BANK 0"
000008H   00001BH   000014H   BYTE   UNIT     DATA           ?DT?MAIN
00001CH   00001FH   000004H   ---    ---      **GAP**
000020H   000020H   000001H   BYTE   BITADDR  DATA           ?BA?MAIN
000021H   000021H   000001H   BYTE   UNIT     IDATA          ?STACK

* * * * * * * * * * *   C O D E   M E M O R Y   * * * * * * * * * * * * *
000000H   000002H   000003H   ---    OFFS..   CODE           ?CO?STARTUP?3
000003H   00003EH   00003CH   BYTE   UNIT     CODE           ?PR?_SPI_WRITE_BUF?MAIN
00003FH   000048H   00000AH   BYTE   UNIT     CODE           ?PR?_SPI_RW?MAIN
000049H   00004AH   000002H   ---    ---      **GAP**
00004BH   00004DH   000003H   BYTE   OFFS..   CODE           ?MAIN?0004B
00004EH   000066H   000019H   BYTE   UNIT     CODE           ?C?LIB_CODE
000067H   00006AH   000004H   BYTE   UNIT     CODE           ?PR?RTC2_ON?MAIN
00006BH   00006DH   000003H   BYTE   OFFS..   CODE           ?MAIN?0006B
00006EH   0000F9H   00008CH   BYTE   UNIT     CODE           ?C_C51STARTUP
0000FAH   000178H   00007FH   BYTE   UNIT     CODE           ?PR?MAIN?MAIN
000179H   0001CDH   000055H   BYTE   UNIT     CODE           ?PR?RF_INIT?MAIN
0001CEH   0001F9H   00002CH   BYTE   UNIT     CODE           ?PR?_DELAY?MAIN
0001FAH   00021FH   000026H   BYTE   UNIT     CODE           ?PR?RF_IRQ?MAIN
000220H   000242H   000023H   BYTE   UNIT     CODE           ?PR?TX_MODE?MAIN
LX51 LINKER/LOCATER V4.41                                                             10/25/2011  14:22:57  PAGE 2


000243H   000263H   000021H   BYTE   UNIT     CODE           ?C_INITSEG
000264H   000281H   00001EH   BYTE   UNIT     CODE           ?PR?RF_TX_BUF?MAIN
000282H   000296H   000015H   BYTE   UNIT     CODE           ?PR?RTC2_IRQ?MAIN
000297H   0002A7H   000011H   BYTE   UNIT     CODE           ?PR?_SPI_RW_REG?MAIN
0002A8H   0002B6H   00000FH   BYTE   UNIT     CODE           ?PR?RTC2_INIT?MAIN
0002B7H   0002C3H   00000DH   BYTE   UNIT     CODE           ?PR?_SPI_READ?MAIN
0002C4H   0002D0H   00000DH   BYTE   UNIT     CODE           ?PR?IO_INIT?MAIN
0002D1H   0002D9H   000009H   BYTE   UNIT     CODE           ?PR?PD_MODE?MAIN
0002DAH   0002DDH   000004H   BYTE   UNIT     CODE           ?PR?RTC2_OFF?MAIN

* * * * * * * * * * *  X D A T A   M E M O R Y  * * * * * * * * * * * * *
000000H   000006H   000007H   BYTE   INPAGE   PDATA          _PDATA_GROUP_
000007H   00000CH   000006H   BYTE   INPAGE   PDATA          ?PD?MAIN



OVERLAY MAP OF MODULE:   nRF24LE1 (?C_STARTUP)


FUNCTION/MODULE             PDATA_GROUP
--> CALLED FUNCTION/MODULE  START  STOP
=======================================
?C_C51STARTUP               ----- -----
  +--> ?PR?MAIN?MAIN
  +--> ?C_INITSEG

MAIN/MAIN                   0000H 0001H
  +--> ?PR?IO_INIT?MAIN
  +--> ?PR?RF_INIT?MAIN
  +--> ?PR?RTC2_INIT?MAIN
  +--> ?PR?RTC2_OFF?MAIN
  +--> ?PR?_DELAY?MAIN
  +--> ?PR?RF_TX_BUF?MAIN
  +--> ?PR?PD_MODE?MAIN
  +--> ?PR?RTC2_ON?MAIN

IO_INIT/MAIN                ----- -----

RF_INIT/MAIN                ----- -----
  +--> ?PR?_DELAY?MAIN
  +--> ?PR?_SPI_WRITE_BUF?MAIN
  +--> ?PR?_SPI_RW_REG?MAIN

_DELAY/MAIN                 0002H 0003H

_SPI_WRITE_BUF/MAIN         0002H 0006H
  +--> ?PR?_SPI_RW?MAIN

_SPI_RW/MAIN                ----- -----

_SPI_RW_REG/MAIN            ----- -----
  +--> ?PR?_SPI_RW?MAIN

RTC2_INIT/MAIN              ----- -----

RTC2_OFF/MAIN               ----- -----

RF_TX_BUF/MAIN              ----- -----
  +--> ?PR?TX_MODE?MAIN
  +--> ?PR?_SPI_RW_REG?MAIN

TX_MODE/MAIN                ----- -----
  +--> ?PR?_SPI_RW_REG?MAIN
  +--> ?PR?_SPI_WRITE_BUF?MAIN
  +--> ?PR?_DELAY?MAIN
LX51 LINKER/LOCATER V4.41                                                             10/25/2011  14:22:57  PAGE 3



PD_MODE/MAIN                ----- -----
  +--> ?PR?_SPI_RW_REG?MAIN

RTC2_ON/MAIN                ----- -----

?C_INITSEG                  ----- -----

*** NEW ROOT **************

RF_IRQ/MAIN                 ----- -----
  +--> ?PR?_SPI_READ?MAIN
  +--> ?PR?_SPI_RW_REG?MAIN

_SPI_READ/MAIN              ----- -----
  +--> ?PR?_SPI_RW?MAIN

*** NEW ROOT **************

RTC2_IRQ/MAIN               ----- -----



PUBLIC SYMBOLS OF MODULE:  nRF24LE1 (?C_STARTUP)


      VALUE       CLASS    TYPE      PUBLIC SYMBOL NAME
      =================================================
      02000002H   PDATA    BYTE      ?_SPI_Write_Buf?BYTE
      0100004EH   CODE     ---       ?C?CLDPTR
      00000000H   NUMBER   ---       ?C?CODESEG
      00000000H   NUMBER   ---       ?C?XDATASEG
      010000B5H   CODE     ---       ?C_START
      01000000H   CODE     NEAR LAB  ?C_STARTUP
      010001CEH   CODE     ---       _delay
      010002B7H   CODE     ---       _SPI_Read
      0100003FH   CODE     ---       _SPI_RW
      01000297H   CODE     ---       _SPI_RW_Reg
      01000003H   CODE     ---       _SPI_Write_Buf
*SFR* 000000D0H.6 DATA     BIT       AC
*SFR* 000000E0H   DATA     BYTE      ACC
*SFR* 000000D3H   DATA     BYTE      ADCCON1
*SFR* 000000D2H   DATA     BYTE      ADCCON2
*SFR* 000000D1H   DATA     BYTE      ADCCON3
*SFR* 000000D4H   DATA     BYTE      ADCDATH
*SFR* 000000D5H   DATA     BYTE      ADCDATL
*SFR* 000000D8H   DATA     BYTE      ADCON
*SFR* 000000EFH   DATA     BYTE      ARCON
*SFR* 000000F0H   DATA     BYTE      B
*SFR* 000000D8H.7 DATA     BIT       BD
*SFR* 000000C2H   DATA     WORD      CC1
*SFR* 000000C4H   DATA     WORD      CC2
*SFR* 000000C6H   DATA     WORD      CC3
*SFR* 000000C1H   DATA     BYTE      CCEN
*SFR* 000000C3H   DATA     BYTE      CCH1
*SFR* 000000C5H   DATA     BYTE      CCH2
*SFR* 000000C7H   DATA     BYTE      CCH3
*SFR* 000000C2H   DATA     BYTE      CCL1
*SFR* 000000C4H   DATA     BYTE      CCL2
*SFR* 000000C6H   DATA     BYTE      CCL3
*SFR* 000000DDH   DATA     BYTE      CCPDATIA
*SFR* 000000DEH   DATA     BYTE      CCPDATIB
*SFR* 000000DFH   DATA     BYTE      CCPDATO
*SFR* 000000A3H   DATA     BYTE      CLKCTRL
*SFR* 000000ADH   DATA     BYTE      CLKLFCTRL
LX51 LINKER/LOCATER V4.41                                                             10/25/2011  14:22:57  PAGE 4


*SFR* 000000DBH   DATA     BYTE      COMPCON
*SFR* 000000CAH   DATA     WORD      CRC
*SFR* 000000CBH   DATA     BYTE      CRCH
*SFR* 000000CAH   DATA     BYTE      CRCL
*SFR* 000000D0H.7 DATA     BIT       CY
*SFR* 00000083H   DATA     BYTE      DPH
*SFR* 00000085H   DATA     BYTE      DPH1
*SFR* 00000082H   DATA     BYTE      DPL
*SFR* 00000084H   DATA     BYTE      DPL1
*SFR* 00000092H   DATA     BYTE      DPS
*SFR* 000000A8H.7 DATA     BIT       EA
*SFR* 000000A8H.4 DATA     BIT       ES0
*SFR* 000000A8H.1 DATA     BIT       ET0
*SFR* 000000A8H.3 DATA     BIT       ET1
*SFR* 000000A8H.5 DATA     BIT       ET2
*SFR* 000000A8H   DATA     BIT       EX0
*SFR* 000000A8H.2 DATA     BIT       EX1
*SFR* 000000B8H.7 DATA     BIT       EXEN2
*SFR* 000000C0H.7 DATA     BIT       EXF2
*SFR* 000000D0H.5 DATA     BIT       F0
*SFR* 000000FAH   DATA     BYTE      FCR
*SFR* 000000FBH   DATA     BYTE      FDCR
*SFR* 000000F9H   DATA     BYTE      FPCR
*SFR* 000000F8H   DATA     BYTE      FSR
*SFR* 000000C8H.5 DATA     BIT       I2FR
*SFR* 000000C8H.6 DATA     BIT       I3FR
      00000008H   DATA     ---       id_buf
*SFR* 00000088H.1 DATA     BIT       IE0
*SFR* 00000088H.3 DATA     BIT       IE1
*SFR* 000000A8H   DATA     BYTE      IEN0
*SFR* 000000B8H   DATA     BYTE      IEN1
*SFR* 000000F8H.3 DATA     BIT       INFEN
*SFR* 000000A6H   DATA     BYTE      INTEXP
      010002C4H   CODE     ---       io_init
*SFR* 000000A9H   DATA     BYTE      IP0
*SFR* 000000B9H   DATA     BYTE      IP1
*SFR* 000000C0H   DATA     BYTE      IRCON
*SFR* 00000088H   DATA     BIT       IT0
*SFR* 00000088H.2 DATA     BIT       IT1
*SFR* 00000080H   DATA     BIT       LED1
*SFR* 00000080H.2 DATA     BIT       LED2
*SFR* 00000080H.4 DATA     BIT       LED3
      010000FAH   CODE     ---       main
      00000020H.4 DATA     BIT       MAX_RT
*SFR* 000000F8H.7 DATA     BIT       MCDIS
*SFR* 000000E9H   DATA     BYTE      MD0
*SFR* 000000EAH   DATA     BYTE      MD1
*SFR* 000000EBH   DATA     BYTE      MD2
*SFR* 000000ECH   DATA     BYTE      MD3
*SFR* 000000EDH   DATA     BYTE      MD4
*SFR* 000000EEH   DATA     BYTE      MD5
*SFR* 000000A7H   DATA     BYTE      MEMCON
      0200000CH   PDATA    BYTE      mFlagRTC
*SFR* 000000B8H.4 DATA     BIT       MISC
*SFR* 000000C0H.4 DATA     BIT       MISCF
*SFR* 000000C9H   DATA     BYTE      MPAGE
*SFR* 000000AEH   DATA     BYTE      OPMCON
*SFR* 000000D0H.2 DATA     BIT       OV
*SFR* 000000D0H   DATA     BIT       P
*SFR* 00000080H   DATA     BYTE      P0
*SFR* 00000080H   DATA     BIT       P00
*SFR* 00000080H.1 DATA     BIT       P01
*SFR* 00000080H.2 DATA     BIT       P02
*SFR* 00000080H.3 DATA     BIT       P03
*SFR* 00000080H.4 DATA     BIT       P04
LX51 LINKER/LOCATER V4.41                                                             10/25/2011  14:22:57  PAGE 5


*SFR* 00000080H.5 DATA     BIT       P05
*SFR* 00000080H.6 DATA     BIT       P06
*SFR* 00000080H.7 DATA     BIT       P07
*SFR* 0000009EH   DATA     BYTE      P0CON
*SFR* 00000093H   DATA     BYTE      P0DIR
*SFR* 00000090H   DATA     BYTE      P1
*SFR* 00000090H   DATA     BIT       P10
*SFR* 00000090H.1 DATA     BIT       P11
*SFR* 00000090H.2 DATA     BIT       P12
*SFR* 00000090H.3 DATA     BIT       P13
*SFR* 00000090H.4 DATA     BIT       P14
*SFR* 00000090H.5 DATA     BIT       P15
*SFR* 00000090H.6 DATA     BIT       P16
*SFR* 00000090H.7 DATA     BIT       P17
*SFR* 0000009FH   DATA     BYTE      P1CON
*SFR* 00000094H   DATA     BYTE      P1DIR
*SFR* 000000A0H   DATA     BYTE      P2
*SFR* 000000A0H   DATA     BIT       P20
*SFR* 000000A0H.1 DATA     BIT       P21
*SFR* 000000A0H.2 DATA     BIT       P22
*SFR* 000000A0H.3 DATA     BIT       P23
*SFR* 000000A0H.4 DATA     BIT       P24
*SFR* 000000A0H.5 DATA     BIT       P25
*SFR* 000000A0H.6 DATA     BIT       P26
*SFR* 000000A0H.7 DATA     BIT       P27
*SFR* 00000097H   DATA     BYTE      P2CON
*SFR* 00000095H   DATA     BYTE      P2DIR
*SFR* 000000B0H   DATA     BYTE      P3
*SFR* 000000B0H   DATA     BIT       P30
*SFR* 000000B0H.1 DATA     BIT       P31
*SFR* 000000B0H.2 DATA     BIT       P32
*SFR* 000000B0H.3 DATA     BIT       P33
*SFR* 000000B0H.4 DATA     BIT       P34
*SFR* 000000B0H.5 DATA     BIT       P35
*SFR* 000000B0H.6 DATA     BIT       P36
*SFR* 000000B0H.7 DATA     BIT       P37
*SFR* 0000008FH   DATA     BYTE      P3CON
*SFR* 00000096H   DATA     BYTE      P3DIR
*SFR* 00000087H   DATA     BYTE      PCON
      010002D1H   CODE     ---       PD_Mode
*SFR* 000000DCH   DATA     BYTE      POFCON
*SFR* 000000A0H   DATA     BYTE      PPAGE_SFR
*SFR* 000000D0H   DATA     BYTE      PSW
*SFR* 000000B2H   DATA     BYTE      PWMCON
*SFR* 000000A1H   DATA     BYTE      PWMDC0
*SFR* 000000A2H   DATA     BYTE      PWMDC1
*SFR* 000000A4H   DATA     BYTE      PWRDWN
*SFR* 00000098H.2 DATA     BIT       RB80
*SFR* 000000F8H.1 DATA     BIT       RDEND
*SFR* 000000F8H.2 DATA     BIT       RDIS
*SFR* 000000F8H.4 DATA     BIT       RDYN
*SFR* 00000098H.4 DATA     BIT       REN0
*SFR* 000000B8H.1 DATA     BIT       RF
      01000179H   CODE     ---       rf_init
      010001FAH   CODE     ---       RF_IRQ
      01000264H   CODE     ---       RF_TX_BUF
*SFR* 000000E8H   DATA     BIT       RFCE
*SFR* 000000E8H.2 DATA     BIT       RFCKEN
*SFR* 000000E8H   DATA     BYTE      RFCON
*SFR* 000000E8H.1 DATA     BIT       RFCSN
*SFR* 000000C0H.1 DATA     BIT       RFF
*SFR* 000000B8H   DATA     BIT       RFSPI
*SFR* 000000C0H   DATA     BIT       RFSPIF
*SFR* 00000098H   DATA     BIT       RI0
*SFR* 000000D6H   DATA     BYTE      RNGCTL
LX51 LINKER/LOCATER V4.41                                                             10/25/2011  14:22:57  PAGE 6


*SFR* 000000D7H   DATA     BYTE      RNGDAT
*SFR* 000000D0H.3 DATA     BIT       RS0
*SFR* 000000D0H.4 DATA     BIT       RS1
*SFR* 000000B1H   DATA     BYTE      RSTREAS
      010002A8H   CODE     ---       rtc2_init
      01000282H   CODE     ---       RTC2_IRQ
      010002DAH   CODE     ---       rtc2_off
      01000067H   CODE     ---       rtc2_on
*SFR* 000000B4H   DATA     BYTE      RTC2CMP0
*SFR* 000000B5H   DATA     BYTE      RTC2CMP1
*SFR* 000000B3H   DATA     BYTE      RTC2CON
*SFR* 000000B6H   DATA     BYTE      RTC2CPT00
*SFR* 000000ABH   DATA     BYTE      RTC2CPT01
*SFR* 000000ACH   DATA     BYTE      RTC2CPT10
      00000020H.6 DATA     BIT       RX_DR
*SFR* 00000099H   DATA     BYTE      S0BUF
*SFR* 00000098H   DATA     BYTE      S0CON
*SFR* 000000BAH   DATA     BYTE      S0RELH
*SFR* 000000AAH   DATA     BYTE      S0RELL
*SFR* 00000090H.2 DATA     BIT       S1
*SFR* 00000090H.3 DATA     BIT       S2
*SFR* 00000090H.4 DATA     BIT       S3
*SFR* 00000098H.7 DATA     BIT       SM0
*SFR* 00000098H.6 DATA     BIT       SM1
*SFR* 00000098H.5 DATA     BIT       SM20
*SFR* 00000081H   DATA     BYTE      SP
*SFR* 000000B8H.2 DATA     BIT       SPI
*SFR* 000000C0H.2 DATA     BIT       SPIF
*SFR* 000000FCH   DATA     BYTE      SPIMCON0
*SFR* 000000FDH   DATA     BYTE      SPIMCON1
*SFR* 000000FFH   DATA     BYTE      SPIMDAT
*SFR* 000000FEH   DATA     BYTE      SPIMSTAT
*SFR* 000000E4H   DATA     BYTE      SPIRCON0
*SFR* 000000E5H   DATA     BYTE      SPIRCON1
*SFR* 000000E7H   DATA     BYTE      SPIRDAT
*SFR* 000000E6H   DATA     BYTE      SPIRSTAT
*SFR* 000000BCH   DATA     BYTE      SPISCON0
*SFR* 000000BDH   DATA     BYTE      SPISCON1
*SFR* 000000BFH   DATA     BYTE      SPISDAT
*SFR* 000000B7H   DATA     BYTE      SPISRDSZ
*SFR* 000000BEH   DATA     BYTE      SPISSTAT
      00000020H   DATA     BYTE      sta
*SFR* 000000F8H.6 DATA     BIT       STP
*SFR* 000000CCH   DATA     WORD      T2
*SFR* 000000C8H.2 DATA     BIT       T2CM
*SFR* 000000C8H   DATA     BYTE      T2CON
*SFR* 000000C8H   DATA     BIT       T2I0
*SFR* 000000C8H.1 DATA     BIT       T2I1
*SFR* 000000C8H.7 DATA     BIT       T2PS
*SFR* 000000C8H.3 DATA     BIT       T2R0
*SFR* 000000C8H.4 DATA     BIT       T2R1
*SFR* 00000098H.3 DATA     BIT       TB80
*SFR* 00000088H   DATA     BYTE      TCON
*SFR* 00000088H.5 DATA     BIT       TF0
*SFR* 00000088H.7 DATA     BIT       TF1
*SFR* 000000C0H.6 DATA     BIT       TF2
*SFR* 0000008CH   DATA     BYTE      TH0
*SFR* 0000008DH   DATA     BYTE      TH1
*SFR* 000000CDH   DATA     BYTE      TH2
*SFR* 00000098H.1 DATA     BIT       TI0
*SFR* 0000008AH   DATA     BYTE      TL0
*SFR* 0000008BH   DATA     BYTE      TL1
*SFR* 000000CCH   DATA     BYTE      TL2
*SFR* 00000089H   DATA     BYTE      TMOD
*SFR* 00000088H.4 DATA     BIT       TR0
LX51 LINKER/LOCATER V4.41                                                             10/25/2011  14:22:57  PAGE 7


*SFR* 00000088H.6 DATA     BIT       TR1
      02000007H   PDATA    ---       TX_ADDRESS
      00000020H.5 DATA     BIT       TX_DS
      01000220H   CODE     ---       TX_Mode
*SFR* 000000E2H   DATA     BYTE      W2CON0
*SFR* 000000E1H   DATA     BYTE      W2CON1
*SFR* 000000DAH   DATA     BYTE      W2DAT
*SFR* 000000D9H   DATA     BYTE      W2SADR
*SFR* 000000AFH   DATA     BYTE      WDSV
*SFR* 000000F8H.5 DATA     BIT       WEN
*SFR* 000000F8H   DATA     BIT       WPEN
*SFR* 000000A5H   DATA     BYTE      WUCON
*SFR* 000000C0H.5 DATA     BIT       WUF
*SFR* 000000B8H.5 DATA     BIT       WUIRQ
*SFR* 000000CFH   DATA     BYTE      WUOPC0
*SFR* 000000CEH   DATA     BYTE      WUOPC1
*SFR* 000000B8H.3 DATA     BIT       WUPIN
*SFR* 000000C0H.3 DATA     BIT       WUPINF



SYMBOL TABLE OF MODULE:  nRF24LE1 (?C_STARTUP)

      VALUE       REP       CLASS    TYPE      SYMBOL NAME
      ====================================================
      ---         MODULE    ---      ---       ?C_STARTUP
      01000000H   PUBLIC    CODE     NEAR LAB  ?C_STARTUP
      000000E0H   SFRSYM    DATA     BYTE      ACC
      000000F0H   SFRSYM    DATA     BYTE      B
      00000083H   SFRSYM    DATA     BYTE      DPH
      00000082H   SFRSYM    DATA     BYTE      DPL
      000000A0H   SFRSYM    DATA     BYTE      PPAGE_SFR
      00000081H   SFRSYM    DATA     BYTE      SP
      00000000H   SYMBOL    NUMBER   ---       IBPSTACK
      00000100H   SYMBOL    NUMBER   ---       IBPSTACKTOP
      00000080H   SYMBOL    NUMBER   ---       IDATALEN
      01000071H   SYMBOL    CODE     NEAR LAB  IDATALOOP
      00000000H   SYMBOL    NUMBER   ---       PBPSTACK
      00010000H   SYMBOL    NUMBER   ---       PBPSTACKTOP
      00000000H   SYMBOL    NUMBER   ---       PDATALEN
      00000000H   SYMBOL    NUMBER   ---       PDATASTART
      00000000H   SYMBOL    NUMBER   ---       PPAGE
      00000000H   SYMBOL    NUMBER   ---       PPAGEENABLE
      0100006EH   SYMBOL    CODE     NEAR LAB  STARTUP1
      00000000H   SYMBOL    NUMBER   ---       XBPSTACK
      00010000H   SYMBOL    NUMBER   ---       XBPSTACKTOP
      00000000H   SYMBOL    NUMBER   ---       XDATALEN
      00000000H   SYMBOL    NUMBER   ---       XDATASTART

      01000000H   BLOCK     CODE     NEAR LAB  LVL=0
      01000000H   LINE      CODE     ---       #92
      ---         BLOCKEND  ---      ---       LVL=0

      0100006EH   BLOCK     CODE     NEAR LAB  LVL=0
      0100006EH   LINE      CODE     ---       #99
      01000070H   LINE      CODE     ---       #100
      01000071H   LINE      CODE     ---       #101
      01000072H   LINE      CODE     ---       #102
      01000074H   LINE      CODE     ---       #151
      01000077H   LINE      CODE     ---       #155
      ---         BLOCKEND  ---      ---       LVL=0

      ---         MODULE    ---      ---       MAIN
      00000020H.4 PUBLIC    DATA     BIT       MAX_RT
      00000008H   PUBLIC    DATA     ---       id_buf
LX51 LINKER/LOCATER V4.41                                                             10/25/2011  14:22:57  PAGE 8


      0200000CH   PUBLIC    PDATA    BYTE      mFlagRTC
      00000020H.5 PUBLIC    DATA     BIT       TX_DS
      00000020H.6 PUBLIC    DATA     BIT       RX_DR
      00000020H   PUBLIC    DATA     BYTE      sta
      02000007H   PUBLIC    PDATA    ---       TX_ADDRESS
      010000FAH   PUBLIC    CODE     ---       main
      01000264H   PUBLIC    CODE     ---       RF_TX_BUF
      010002C4H   PUBLIC    CODE     ---       io_init
      01000282H   PUBLIC    CODE     ---       RTC2_IRQ
      010002DAH   PUBLIC    CODE     ---       rtc2_off
      01000067H   PUBLIC    CODE     ---       rtc2_on
      010002A8H   PUBLIC    CODE     ---       rtc2_init
      010001FAH   PUBLIC    CODE     ---       RF_IRQ
      01000179H   PUBLIC    CODE     ---       rf_init
      01000220H   PUBLIC    CODE     ---       TX_Mode
      010002D1H   PUBLIC    CODE     ---       PD_Mode
      02000002H   PUBLIC    PDATA    BYTE      ?_SPI_Write_Buf?BYTE
      01000003H   PUBLIC    CODE     ---       _SPI_Write_Buf
      010002B7H   PUBLIC    CODE     ---       _SPI_Read
      01000297H   PUBLIC    CODE     ---       _SPI_RW_Reg
      0100003FH   PUBLIC    CODE     ---       _SPI_RW
      010001CEH   PUBLIC    CODE     ---       _delay
      00000098H.3 SFRSYM    DATA     BIT       TB80
      000000BEH   SFRSYM    DATA     BYTE      SPISSTAT
      000000C8H   SFRSYM    DATA     BIT       T2I0
      000000C3H   SFRSYM    DATA     BYTE      CCH1
      00000080H   SFRSYM    DATA     BYTE      P0
      000000C8H.1 SFRSYM    DATA     BIT       T2I1
      000000DFH   SFRSYM    DATA     BYTE      CCPDATO
      000000C5H   SFRSYM    DATA     BYTE      CCH2
      00000090H   SFRSYM    DATA     BYTE      P1
      000000C7H   SFRSYM    DATA     BYTE      CCH3
      000000A0H   SFRSYM    DATA     BYTE      P2
      00000098H.5 SFRSYM    DATA     BIT       SM20
      000000B0H   SFRSYM    DATA     BYTE      P3
      00000090H.2 SFRSYM    DATA     BIT       S1
      000000D0H.6 SFRSYM    DATA     BIT       AC
      000000C2H   SFRSYM    DATA     BYTE      CCL1
      00000090H.3 SFRSYM    DATA     BIT       S2
      000000C4H   SFRSYM    DATA     BYTE      CCL2
      00000090H.4 SFRSYM    DATA     BIT       S3
      000000D8H.7 SFRSYM    DATA     BIT       BD
      000000B8H   SFRSYM    DATA     BIT       RFSPI
      000000A8H.7 SFRSYM    DATA     BIT       EA
      000000CCH   SFRSYM    DATA     WORD      T2
      000000C6H   SFRSYM    DATA     BYTE      CCL3
      000000B7H   SFRSYM    DATA     BYTE      SPISRDSZ
      00000080H   SFRSYM    DATA     BIT       LED1
      00000080H.2 SFRSYM    DATA     BIT       LED2
      00000080H.4 SFRSYM    DATA     BIT       LED3
      000000C8H.3 SFRSYM    DATA     BIT       T2R0
      000000C8H.4 SFRSYM    DATA     BIT       T2R1
      000000A8H   SFRSYM    DATA     BYTE      IEN0
      000000B8H   SFRSYM    DATA     BYTE      IEN1
      000000A5H   SFRSYM    DATA     BYTE      WUCON
      00000085H   SFRSYM    DATA     BYTE      DPH1
      000000DBH   SFRSYM    DATA     BYTE      COMPCON
      000000A3H   SFRSYM    DATA     BYTE      CLKCTRL
      00000084H   SFRSYM    DATA     BYTE      DPL1
      000000C8H.5 SFRSYM    DATA     BIT       I2FR
      000000B8H.3 SFRSYM    DATA     BIT       WUPIN
      000000C8H.6 SFRSYM    DATA     BIT       I3FR
      000000FFH   SFRSYM    DATA     BYTE      SPIMDAT
      000000C0H.7 SFRSYM    DATA     BIT       EXF2
      00000098H.4 SFRSYM    DATA     BIT       REN0
LX51 LINKER/LOCATER V4.41                                                             10/25/2011  14:22:57  PAGE 9


      000000C8H.2 SFRSYM    DATA     BIT       T2CM
      000000B8H.1 SFRSYM    DATA     BIT       RF
      000000B8H.5 SFRSYM    DATA     BIT       WUIRQ
      000000E7H   SFRSYM    DATA     BYTE      SPIRDAT
      000000C1H   SFRSYM    DATA     BYTE      CCEN
      000000E2H   SFRSYM    DATA     BYTE      W2CON0
      000000BFH   SFRSYM    DATA     BYTE      SPISDAT
      000000D0H.7 SFRSYM    DATA     BIT       CY
      000000E1H   SFRSYM    DATA     BYTE      W2CON1
      000000FBH   SFRSYM    DATA     BYTE      FDCR
      000000E8H   SFRSYM    DATA     BIT       RFCE
      000000CBH   SFRSYM    DATA     BYTE      CRCH
      00000081H   SFRSYM    DATA     BYTE      SP
      000000D0H.2 SFRSYM    DATA     BIT       OV
      000000CAH   SFRSYM    DATA     BYTE      CRCL
      000000ADH   SFRSYM    DATA     BYTE      CLKLFCTRL
      000000B1H   SFRSYM    DATA     BYTE      RSTREAS
      000000C8H.7 SFRSYM    DATA     BIT       T2PS
      000000F9H   SFRSYM    DATA     BYTE      FPCR
      000000B8H.4 SFRSYM    DATA     BIT       MISC
      000000A1H   SFRSYM    DATA     BYTE      PWMDC0
      000000B4H   SFRSYM    DATA     BYTE      RTC2CMP0
      000000A2H   SFRSYM    DATA     BYTE      PWMDC1
      000000B5H   SFRSYM    DATA     BYTE      RTC2CMP1
      00000080H   SFRSYM    DATA     BIT       P00
      000000BAH   SFRSYM    DATA     BYTE      S0RELH
      00000090H   SFRSYM    DATA     BIT       P10
      00000080H.1 SFRSYM    DATA     BIT       P01
      00000087H   SFRSYM    DATA     BYTE      PCON
      000000A0H   SFRSYM    DATA     BIT       P20
      00000090H.1 SFRSYM    DATA     BIT       P11
      00000080H.2 SFRSYM    DATA     BIT       P02
      000000B0H   SFRSYM    DATA     BIT       P30
      000000A0H.1 SFRSYM    DATA     BIT       P21
      00000090H.2 SFRSYM    DATA     BIT       P12
      00000080H.3 SFRSYM    DATA     BIT       P03
      000000C0H.2 SFRSYM    DATA     BIT       SPIF
      000000F8H.2 SFRSYM    DATA     BIT       RDIS
      000000B0H.1 SFRSYM    DATA     BIT       P31
      000000A0H.2 SFRSYM    DATA     BIT       P22
      00000090H.3 SFRSYM    DATA     BIT       P13
      00000080H.4 SFRSYM    DATA     BIT       P04
      000000AAH   SFRSYM    DATA     BYTE      S0RELL
      000000B0H.2 SFRSYM    DATA     BIT       P32
      000000A0H.3 SFRSYM    DATA     BIT       P23
      00000090H.4 SFRSYM    DATA     BIT       P14
      00000080H.5 SFRSYM    DATA     BIT       P05
      000000D9H   SFRSYM    DATA     BYTE      W2SADR
      00000089H   SFRSYM    DATA     BYTE      TMOD
      00000088H   SFRSYM    DATA     BYTE      TCON
      000000B0H.3 SFRSYM    DATA     BIT       P33
      000000A0H.4 SFRSYM    DATA     BIT       P24
      00000090H.5 SFRSYM    DATA     BIT       P15
      00000080H.6 SFRSYM    DATA     BIT       P06
      000000B0H.4 SFRSYM    DATA     BIT       P34
      000000A0H.5 SFRSYM    DATA     BIT       P25
      00000090H.6 SFRSYM    DATA     BIT       P16
      00000080H.7 SFRSYM    DATA     BIT       P07
      000000C2H   SFRSYM    DATA     WORD      CC1
      000000B0H.5 SFRSYM    DATA     BIT       P35
      000000A0H.6 SFRSYM    DATA     BIT       P26
      00000090H.7 SFRSYM    DATA     BIT       P17
      000000C4H   SFRSYM    DATA     WORD      CC2
      000000B0H.6 SFRSYM    DATA     BIT       P36
      000000A0H.7 SFRSYM    DATA     BIT       P27
LX51 LINKER/LOCATER V4.41                                                             10/25/2011  14:22:57  PAGE 10


      000000C6H   SFRSYM    DATA     WORD      CC3
      000000B0H.7 SFRSYM    DATA     BIT       P37
      000000E8H.2 SFRSYM    DATA     BIT       RFCKEN
      000000F8H   SFRSYM    DATA     BIT       WPEN
      000000DDH   SFRSYM    DATA     BYTE      CCPDATIA
      000000DEH   SFRSYM    DATA     BYTE      CCPDATIB
      00000088H.1 SFRSYM    DATA     BIT       IE0
      000000F8H.4 SFRSYM    DATA     BIT       RDYN
      00000088H.3 SFRSYM    DATA     BIT       IE1
      000000CFH   SFRSYM    DATA     BYTE      WUOPC0
      000000F0H   SFRSYM    DATA     BYTE      B
      000000E9H   SFRSYM    DATA     BYTE      MD0
      000000CEH   SFRSYM    DATA     BYTE      WUOPC1
      000000A7H   SFRSYM    DATA     BYTE      MEMCON
      000000EAH   SFRSYM    DATA     BYTE      MD1
      000000D7H   SFRSYM    DATA     BYTE      RNGDAT
      000000EBH   SFRSYM    DATA     BYTE      MD2
      000000ECH   SFRSYM    DATA     BYTE      MD3
      000000EDH   SFRSYM    DATA     BYTE      MD4
      000000AFH   SFRSYM    DATA     BYTE      WDSV
      000000EEH   SFRSYM    DATA     BYTE      MD5
      000000E0H   SFRSYM    DATA     BYTE      ACC
      000000DCH   SFRSYM    DATA     BYTE      POFCON
      000000A8H.4 SFRSYM    DATA     BIT       ES0
      000000A8H.1 SFRSYM    DATA     BIT       ET0
      000000A9H   SFRSYM    DATA     BYTE      IP0
      000000A8H.3 SFRSYM    DATA     BIT       ET1
      00000088H.5 SFRSYM    DATA     BIT       TF0
      000000B9H   SFRSYM    DATA     BYTE      IP1
      000000A8H.5 SFRSYM    DATA     BIT       ET2
      00000098H   SFRSYM    DATA     BIT       RI0
      00000088H.7 SFRSYM    DATA     BIT       TF1
      000000C0H   SFRSYM    DATA     BIT       RFSPIF
      000000C0H.6 SFRSYM    DATA     BIT       TF2
      000000FCH   SFRSYM    DATA     BYTE      SPIMCON0
      000000D6H   SFRSYM    DATA     BYTE      RNGCTL
      0000008CH   SFRSYM    DATA     BYTE      TH0
      000000A8H   SFRSYM    DATA     BIT       EX0
      00000098H.1 SFRSYM    DATA     BIT       TI0
      00000088H   SFRSYM    DATA     BIT       IT0
      000000FDH   SFRSYM    DATA     BYTE      SPIMCON1
      0000008DH   SFRSYM    DATA     BYTE      TH1
      000000A8H.2 SFRSYM    DATA     BIT       EX1
      00000088H.2 SFRSYM    DATA     BIT       IT1
      000000CDH   SFRSYM    DATA     BYTE      TH2
      000000AEH   SFRSYM    DATA     BYTE      OPMCON
      000000D0H   SFRSYM    DATA     BIT       P
      00000098H.7 SFRSYM    DATA     BIT       SM0
      0000008AH   SFRSYM    DATA     BYTE      TL0
      00000098H.6 SFRSYM    DATA     BIT       SM1
      000000E4H   SFRSYM    DATA     BYTE      SPIRCON0
      0000008BH   SFRSYM    DATA     BYTE      TL1
      000000E5H   SFRSYM    DATA     BYTE      SPIRCON1
      000000CCH   SFRSYM    DATA     BYTE      TL2
      000000BCH   SFRSYM    DATA     BYTE      SPISCON0
      000000BDH   SFRSYM    DATA     BYTE      SPISCON1
      000000D0H.3 SFRSYM    DATA     BIT       RS0
      00000088H.4 SFRSYM    DATA     BIT       TR0
      000000D0H.4 SFRSYM    DATA     BIT       RS1
      000000B2H   SFRSYM    DATA     BYTE      PWMCON
      00000088H.6 SFRSYM    DATA     BIT       TR1
      000000CAH   SFRSYM    DATA     WORD      CRC
      000000A6H   SFRSYM    DATA     BYTE      INTEXP
      000000C0H.3 SFRSYM    DATA     BIT       WUPINF
      000000FAH   SFRSYM    DATA     BYTE      FCR
LX51 LINKER/LOCATER V4.41                                                             10/25/2011  14:22:57  PAGE 11


      000000D3H   SFRSYM    DATA     BYTE      ADCCON1
      000000D2H   SFRSYM    DATA     BYTE      ADCCON2
      00000083H   SFRSYM    DATA     BYTE      DPH
      000000D1H   SFRSYM    DATA     BYTE      ADCCON3
      000000C0H.1 SFRSYM    DATA     BIT       RFF
      00000093H   SFRSYM    DATA     BYTE      P0DIR
      00000082H   SFRSYM    DATA     BYTE      DPL
      0000009EH   SFRSYM    DATA     BYTE      P0CON
      00000099H   SFRSYM    DATA     BYTE      S0BUF
      00000094H   SFRSYM    DATA     BYTE      P1DIR
      0000009FH   SFRSYM    DATA     BYTE      P1CON
      00000095H   SFRSYM    DATA     BYTE      P2DIR
      000000B8H.7 SFRSYM    DATA     BIT       EXEN2
      000000DAH   SFRSYM    DATA     BYTE      W2DAT
      00000097H   SFRSYM    DATA     BYTE      P2CON
      00000096H   SFRSYM    DATA     BYTE      P3DIR
      000000A4H   SFRSYM    DATA     BYTE      PWRDWN
      00000098H   SFRSYM    DATA     BYTE      S0CON
      0000008FH   SFRSYM    DATA     BYTE      P3CON
      000000B6H   SFRSYM    DATA     BYTE      RTC2CPT00
      000000D8H   SFRSYM    DATA     BYTE      ADCON
      000000ACH   SFRSYM    DATA     BYTE      RTC2CPT10
      000000ABH   SFRSYM    DATA     BYTE      RTC2CPT01
      000000C8H   SFRSYM    DATA     BYTE      T2CON
      00000092H   SFRSYM    DATA     BYTE      DPS
      000000F8H.5 SFRSYM    DATA     BIT       WEN
      000000F8H   SFRSYM    DATA     BYTE      FSR
      000000D4H   SFRSYM    DATA     BYTE      ADCDATH
      000000C9H   SFRSYM    DATA     BYTE      MPAGE
      000000B8H.2 SFRSYM    DATA     BIT       SPI
      000000F8H.1 SFRSYM    DATA     BIT       RDEND
      000000D5H   SFRSYM    DATA     BYTE      ADCDATL
      000000F8H.3 SFRSYM    DATA     BIT       INFEN
      000000F8H.7 SFRSYM    DATA     BIT       MCDIS
      000000C0H.5 SFRSYM    DATA     BIT       WUF
      000000C0H.4 SFRSYM    DATA     BIT       MISCF
      000000EFH   SFRSYM    DATA     BYTE      ARCON
      000000D0H.5 SFRSYM    DATA     BIT       F0
      000000F8H.6 SFRSYM    DATA     BIT       STP
      000000FEH   SFRSYM    DATA     BYTE      SPIMSTAT
      000000E8H   SFRSYM    DATA     BYTE      RFCON
      000000D0H   SFRSYM    DATA     BYTE      PSW
      00000098H.2 SFRSYM    DATA     BIT       RB80
      000000C0H   SFRSYM    DATA     BYTE      IRCON
      000000E8H.1 SFRSYM    DATA     BIT       RFCSN
      000000E6H   SFRSYM    DATA     BYTE      SPIRSTAT
      000000B3H   SFRSYM    DATA     BYTE      RTC2CON

      010001CEH   BLOCK     CODE     ---       LVL=0
      00000006H   SYMBOL    DATA     WORD      x
      010001CEH   BLOCK     CODE     NEAR LAB  LVL=1
      00000004H   SYMBOL    DATA     WORD      i
      02000002H   SYMBOL    PDATA    WORD      j
      ---         BLOCKEND  ---      ---       LVL=1
      010001CEH   LINE      CODE     ---       #83
      010001CEH   LINE      CODE     ---       #84
      010001CEH   LINE      CODE     ---       #86
      010001D1H   LINE      CODE     ---       #87
      010001D8H   LINE      CODE     ---       #88
      010001D8H   LINE      CODE     ---       #89
      010001E0H   LINE      CODE     ---       #91
      010001F2H   LINE      CODE     ---       #92
      010001F9H   LINE      CODE     ---       #93
      ---         BLOCKEND  ---      ---       LVL=0

LX51 LINKER/LOCATER V4.41                                                             10/25/2011  14:22:57  PAGE 12


      0100003FH   BLOCK     CODE     ---       LVL=0
      00000007H   SYMBOL    DATA     BYTE      value
      0100003FH   LINE      CODE     ---       #97
      0100003FH   LINE      CODE     ---       #98
      0100003FH   LINE      CODE     ---       #99
      01000041H   LINE      CODE     ---       #101
      01000046H   LINE      CODE     ---       #103
      01000048H   LINE      CODE     ---       #104
      ---         BLOCKEND  ---      ---       LVL=0

      01000297H   BLOCK     CODE     ---       LVL=0
      00000007H   SYMBOL    DATA     BYTE      reg
      00000005H   SYMBOL    DATA     BYTE      value
      01000297H   BLOCK     CODE     NEAR LAB  LVL=1
      00000006H   SYMBOL    DATA     BYTE      status
      ---         BLOCKEND  ---      ---       LVL=1
      01000297H   LINE      CODE     ---       #108
      01000297H   LINE      CODE     ---       #109
      01000297H   LINE      CODE     ---       #112
      01000299H   LINE      CODE     ---       #113
      0100029EH   LINE      CODE     ---       #114
      010002A3H   LINE      CODE     ---       #115
      010002A5H   LINE      CODE     ---       #117
      010002A7H   LINE      CODE     ---       #118
      ---         BLOCKEND  ---      ---       LVL=0

      010002B7H   BLOCK     CODE     ---       LVL=0
      00000007H   SYMBOL    DATA     BYTE      reg
      010002B7H   BLOCK     CODE     NEAR LAB  LVL=1
      00000007H   SYMBOL    DATA     BYTE      reg_val
      ---         BLOCKEND  ---      ---       LVL=1
      010002B7H   LINE      CODE     ---       #122
      010002B7H   LINE      CODE     ---       #123
      010002B7H   LINE      CODE     ---       #126
      010002B9H   LINE      CODE     ---       #127
      010002BCH   LINE      CODE     ---       #128
      010002C1H   LINE      CODE     ---       #129
      010002C3H   LINE      CODE     ---       #131
      010002C3H   LINE      CODE     ---       #132
      ---         BLOCKEND  ---      ---       LVL=0

      01000003H   BLOCK     CODE     ---       LVL=0
      00000007H   SYMBOL    DATA     BYTE      reg
      02000003H   SYMBOL    PDATA    ---       pBuf
      02000006H   SYMBOL    PDATA    BYTE      bytes
      0100000DH   BLOCK     CODE     NEAR LAB  LVL=1
      00000006H   SYMBOL    DATA     BYTE      status
      00000005H   SYMBOL    DATA     BYTE      byte_ctr
      ---         BLOCKEND  ---      ---       LVL=1
      01000003H   LINE      CODE     ---       #136
      0100000DH   LINE      CODE     ---       #137
      0100000DH   LINE      CODE     ---       #140
      0100000FH   LINE      CODE     ---       #141
      01000014H   LINE      CODE     ---       #142
      0100001FH   LINE      CODE     ---       #143
      0100003AH   LINE      CODE     ---       #144
      0100003CH   LINE      CODE     ---       #145
      0100003EH   LINE      CODE     ---       #146
      ---         BLOCKEND  ---      ---       LVL=0

      010002D1H   BLOCK     CODE     ---       LVL=0
      010002D1H   LINE      CODE     ---       #150
      010002D1H   LINE      CODE     ---       #151
      010002D1H   LINE      CODE     ---       #152
      010002D3H   LINE      CODE     ---       #153
LX51 LINKER/LOCATER V4.41                                                             10/25/2011  14:22:57  PAGE 13


      ---         BLOCKEND  ---      ---       LVL=0

      01000220H   BLOCK     CODE     ---       LVL=0
      01000220H   LINE      CODE     ---       #158
      01000220H   LINE      CODE     ---       #159
      01000220H   LINE      CODE     ---       #160
      01000227H   LINE      CODE     ---       #161
      01000237H   LINE      CODE     ---       #162
      01000239H   LINE      CODE     ---       #163
      01000240H   LINE      CODE     ---       #164
      01000242H   LINE      CODE     ---       #165
      ---         BLOCKEND  ---      ---       LVL=0

      01000179H   BLOCK     CODE     ---       LVL=0
      01000179H   LINE      CODE     ---       #169
      01000179H   LINE      CODE     ---       #170
      01000179H   LINE      CODE     ---       #171
      0100017BH   LINE      CODE     ---       #172
      0100017DH   LINE      CODE     ---       #173
      0100017FH   LINE      CODE     ---       #175
      01000186H   LINE      CODE     ---       #177
      01000196H   LINE      CODE     ---       #178
      010001A6H   LINE      CODE     ---       #180
      010001ADH   LINE      CODE     ---       #181
      010001B2H   LINE      CODE     ---       #183
      010001B9H   LINE      CODE     ---       #185
      010001C0H   LINE      CODE     ---       #186
      010001C7H   LINE      CODE     ---       #187
      ---         BLOCKEND  ---      ---       LVL=0

      010001FAH   BLOCK     CODE     ---       LVL=0
      010001FAH   LINE      CODE     ---       #192
      01000207H   LINE      CODE     ---       #194
      0100020EH   LINE      CODE     ---       #195
      01000215H   LINE      CODE     ---       #196
      ---         BLOCKEND  ---      ---       LVL=0

      010002A8H   BLOCK     CODE     ---       LVL=0
      010002A8H   LINE      CODE     ---       #201
      010002A8H   LINE      CODE     ---       #202
      010002A8H   LINE      CODE     ---       #203
      010002ABH   LINE      CODE     ---       #204
      010002AEH   LINE      CODE     ---       #205
      010002B1H   LINE      CODE     ---       #206
      010002B4H   LINE      CODE     ---       #207
      010002B6H   LINE      CODE     ---       #208
      ---         BLOCKEND  ---      ---       LVL=0

      01000067H   BLOCK     CODE     ---       LVL=0
      01000067H   LINE      CODE     ---       #212
      01000067H   LINE      CODE     ---       #213
      01000067H   LINE      CODE     ---       #214
      0100006AH   LINE      CODE     ---       #215
      ---         BLOCKEND  ---      ---       LVL=0

      010002DAH   BLOCK     CODE     ---       LVL=0
      010002DAH   LINE      CODE     ---       #219
      010002DAH   LINE      CODE     ---       #220
      010002DAH   LINE      CODE     ---       #221
      010002DDH   LINE      CODE     ---       #222
      ---         BLOCKEND  ---      ---       LVL=0

      01000282H   BLOCK     CODE     ---       LVL=0
      01000282H   LINE      CODE     ---       #226
      0100028BH   LINE      CODE     ---       #236
LX51 LINKER/LOCATER V4.41                                                             10/25/2011  14:22:57  PAGE 14


      01000290H   LINE      CODE     ---       #238
      ---         BLOCKEND  ---      ---       LVL=0

      010002C4H   BLOCK     CODE     ---       LVL=0
      010002C4H   LINE      CODE     ---       #242
      010002C4H   LINE      CODE     ---       #243
      010002C4H   LINE      CODE     ---       #244
      010002C7H   LINE      CODE     ---       #245
      010002CAH   LINE      CODE     ---       #247
      010002D0H   LINE      CODE     ---       #251
      ---         BLOCKEND  ---      ---       LVL=0

      01000264H   BLOCK     CODE     ---       LVL=0
      01000264H   LINE      CODE     ---       #253
      01000264H   LINE      CODE     ---       #254
      01000264H   LINE      CODE     ---       #255
      01000267H   LINE      CODE     ---       #256
      0100026AH   LINE      CODE     ---       #257
      01000270H   LINE      CODE     ---       #258
      01000277H   LINE      CODE     ---       #259
      0100027EH   LINE      CODE     ---       #260
      01000281H   LINE      CODE     ---       #261
      ---         BLOCKEND  ---      ---       LVL=0

      010000FAH   BLOCK     CODE     ---       LVL=0
      010000FAH   BLOCK     CODE     NEAR LAB  LVL=1
      02000000H   SYMBOL    PDATA    BYTE      tCnt
      02000001H   SYMBOL    PDATA    BYTE      tIndex
      00000007H   SYMBOL    DATA     BYTE      i
      ---         BLOCKEND  ---      ---       LVL=1
      010000FAH   LINE      CODE     ---       #268
      010000FAH   LINE      CODE     ---       #269
      010000FAH   LINE      CODE     ---       #270
      010000FEH   LINE      CODE     ---       #271
      01000100H   LINE      CODE     ---       #274
      01000103H   LINE      CODE     ---       #275
      01000106H   LINE      CODE     ---       #276
      01000108H   LINE      CODE     ---       #277
      0100010BH   LINE      CODE     ---       #278
      01000111H   LINE      CODE     ---       #280
      01000111H   LINE      CODE     ---       #281
      01000111H   LINE      CODE     ---       #282
      01000114H   LINE      CODE     ---       #283
      01000119H   LINE      CODE     ---       #284
      01000119H   LINE      CODE     ---       #285
      0100011BH   LINE      CODE     ---       #286
      01000120H   LINE      CODE     ---       #287
      01000126H   LINE      CODE     ---       #288
      01000126H   LINE      CODE     ---       #289
      01000129H   LINE      CODE     ---       #290
      0100012BH   LINE      CODE     ---       #291
      0100012FH   LINE      CODE     ---       #292
      01000133H   LINE      CODE     ---       #293
      01000136H   LINE      CODE     ---       #294
      01000138H   LINE      CODE     ---       #295
      0100013EH   LINE      CODE     ---       #296
      01000140H   LINE      CODE     ---       #304
      01000143H   LINE      CODE     ---       #305
      0100014AH   LINE      CODE     ---       #306
      0100014DH   LINE      CODE     ---       #307
      01000150H   LINE      CODE     ---       #308
      01000153H   LINE      CODE     ---       #309
      01000156H   LINE      CODE     ---       #311
      01000159H   LINE      CODE     ---       #313
      01000159H   LINE      CODE     ---       #314
LX51 LINKER/LOCATER V4.41                                                             10/25/2011  14:22:57  PAGE 15


      01000159H   LINE      CODE     ---       #315
      01000162H   LINE      CODE     ---       #316
      01000164H   LINE      CODE     ---       #317
      01000167H   LINE      CODE     ---       #318
      0100016AH   LINE      CODE     ---       #319
      0100016AH   LINE      CODE     ---       #320
      0100016AH   LINE      CODE     ---       #322
      0100016DH   LINE      CODE     ---       #326
      01000170H   LINE      CODE     ---       #327
      01000177H   LINE      CODE     ---       #328
      ---         BLOCKEND  ---      ---       LVL=0

      ---         MODULE    ---      ---       ?C_INIT
      010000B5H   PUBLIC    CODE     ---       ?C_START

      ---         MODULE    ---      ---       ?C?CLDPTR
      0100004EH   PUBLIC    CODE     ---       ?C?CLDPTR

Program Size: data=30.0 xdata=13 const=0 code=732
LX51 RUN COMPLETE.  0 WARNING(S),  0 ERROR(S)
